// Jest Snapshot v1, https://goo.gl/fbAQLP

exports[`TextInput renders correctly 1`] = `
<ForwardRef(View)
  style={
    Object {
      "flexDirection": "row",
    }
  }
>
  <ForwardRef(View)
    style={
      Object {
        "flex": 1,
      }
    }
  >
    <TextInput
      multiline={false}
      onValueChange={[Function]}
      placeholder="Test TextInput"
      required={false}
    />
  </ForwardRef(View)>
</ForwardRef(View)>
`;
