// Jest Snapshot v1, https://goo.gl/fbAQLP

exports[`AboutYouForm renders correctly 1`] = `
<ForwardRef(View)>
  <Input
    items={
      Array [
        Object {
          "label": "Mulher",
          "value": "woman",
        },
        Object {
          "label": "Homem",
          "value": "man",
        },
        Object {
          "label": "Não binário",
          "value": "nonbinary",
        },
      ]
    }
    onValueChange={[Function]}
    placeholder="Gênero"
    required={true}
    showValidation={false}
    value=""
  />
  <Input
    items={
      Array [
        Object {
          "label": "Negra",
          "value": "black",
        },
        Object {
          "label": "Branca",
          "value": "white",
        },
        Object {
          "label": "Parda",
          "value": "brown",
        },
        Object {
          "label": "Amarela",
          "value": "asian",
        },
        Object {
          "label": "Indígena",
          "value": "indian",
        },
        Object {
          "label": "Prefiro não dizer",
          "value": "notInformed",
        },
      ]
    }
    onValueChange={[Function]}
    placeholder="Cor"
    required={true}
    showValidation={false}
    value=""
  />
  <Input
    items={
      Array [
        Object {
          "label": "Menor de 18 anos",
          "value": "lessThan18",
        },
        Object {
          "label": "Entre 18 e 25 anos",
          "value": "between18and25",
        },
        Object {
          "label": "Entre 26 e 35 anos",
          "value": "between26and35",
        },
        Object {
          "label": "Entre 36 e 50 anos",
          "value": "between36and50",
        },
        Object {
          "label": "Entre 51 e 65 anos",
          "value": "between51and65",
        },
        Object {
          "label": "Maior de 65 anos",
          "value": "over65",
        },
      ]
    }
    onValueChange={[Function]}
    placeholder="Idade"
    required={false}
    showValidation={false}
    value=""
  />
  <Input
    items={
      Array [
        Object {
          "label": "Até R$724,00",
          "value": "belowOne",
        },
        Object {
          "label": "De R$724,01 a R$2.172,00",
          "value": "fromOneToThree",
        },
        Object {
          "label": "De R$2.172,01 a R$3.620,00",
          "value": "fromThreeToFive",
        },
        Object {
          "label": "De R$3.620,01 a R$7.240,00",
          "value": "fromFiveToTen",
        },
        Object {
          "label": "De R$7.240,01 a R$14.480,00",
          "value": "fromTenToTwenty",
        },
        Object {
          "label": "Mais de R$14.480,01",
          "value": "overTwenty",
        },
      ]
    }
    onValueChange={[Function]}
    placeholder="Renda Aproximada"
    required={false}
    showValidation={false}
    value=""
  />
  <SectionHeader
    title="Saiba mais"
  />
  <SectionText
    title="Acompanhe relatos da mesma empresa ou cidade."
  />
  <Input
    keyboardType="email-address"
    onValueChange={[Function]}
    placeholder="Email"
    required={true}
    showValidation={false}
    textContentType="emailAddress"
    value=""
  />
  <Input
    onValueChange={[Function]}
    placeholder="Nome"
    required={false}
    showValidation={false}
    value=""
  />
  <Input
    label="Ao registrar esse relato eu concordo com a Política de Privacidade do Eu Também."
    onValueChange={[Function]}
    required={false}
    value={false}
  />
  <ForwardRef(Text)
    onPress={[Function]}
    style={
      Object {
        "alignSelf": "flex-end",
        "color": "#91508c",
        "marginBottom": 10,
        "marginTop": 10,
      }
    }
  >
    Acessar Política de Privacidade
  </ForwardRef(Text)>
  <Button
    onPress={[Function]}
    title="Enviar Relato"
    type="confirm"
  />
</ForwardRef(View)>
`;
